c:\users\ostap\source\repos\hellogui\hellogui\x64\debug\vc143.pdb
c:\users\ostap\source\repos\hellogui\hellogui\x64\debug\vc143.idb
c:\users\ostap\source\repos\hellogui\hellogui\x64\debug\qrc_hellogui.obj
c:\users\ostap\source\repos\hellogui\hellogui\x64\debug\correlationanalyze.obj
c:\users\ostap\source\repos\hellogui\hellogui\x64\debug\analyze.obj
c:\users\ostap\source\repos\hellogui\hellogui\x64\debug\hellogui.obj
c:\users\ostap\source\repos\hellogui\hellogui\x64\debug\main.obj
c:\users\ostap\source\repos\hellogui\hellogui\x64\debug\timeline.obj
c:\users\ostap\source\repos\hellogui\hellogui\x64\debug\alertengine.obj
c:\users\ostap\source\repos\hellogui\hellogui\x64\debug\udplistener.obj
c:\users\ostap\source\repos\hellogui\hellogui\x64\debug\riskscoredialog.obj
c:\users\ostap\source\repos\hellogui\hellogui\x64\debug\moc_hellogui.obj
c:\users\ostap\source\repos\hellogui\hellogui\x64\debug\moc_udplistener.obj
c:\users\ostap\source\repos\hellogui\hellogui\x64\debug\moc_riskscoredialog.obj
c:\users\ostap\source\repos\hellogui\hellogui\x64\debug\moc_correlationanalyze.obj
c:\users\ostap\source\repos\hellogui\hellogui\x64\debug\qt\uic\ui_correlation.h
c:\users\ostap\source\repos\hellogui\hellogui\x64\debug\qt\uic\ui_hellogui.h
c:\users\ostap\source\repos\hellogui\hellogui\x64\debug\qt\uic\ui_riskscoredialog.h
c:\users\ostap\source\repos\hellogui\hellogui\x64\debug\qt\uic\ui_timeline.h
c:\users\ostap\source\repos\hellogui\hellogui\x64\debug\qt\rcc\qrc_hellogui.cpp
c:\users\ostap\source\repos\hellogui\hellogui\x64\debug\qt\moc\moc_hellogui.cpp
c:\users\ostap\source\repos\hellogui\hellogui\x64\debug\qt\moc\moc_udplistener.cpp
c:\users\ostap\source\repos\hellogui\hellogui\x64\debug\qt\moc\moc_correlationanalyze.cpp
c:\users\ostap\source\repos\hellogui\hellogui\x64\debug\qt\moc\moc_riskscoredialog.cpp
c:\users\ostap\source\repos\hellogui\x64\debug\hellogui.exe
c:\users\ostap\source\repos\hellogui\x64\debug\hellogui.pdb
c:\users\ostap\source\repos\hellogui\hellogui\x64\debug\hellogui.ilk
c:\users\ostap\source\repos\hellogui\hellogui\x64\debug\hellogui.tlog\cl.command.1.tlog
c:\users\ostap\source\repos\hellogui\hellogui\x64\debug\hellogui.tlog\cl.items.tlog
c:\users\ostap\source\repos\hellogui\hellogui\x64\debug\hellogui.tlog\cl.read.1.tlog
c:\users\ostap\source\repos\hellogui\hellogui\x64\debug\hellogui.tlog\cl.write.1.tlog
c:\users\ostap\source\repos\hellogui\hellogui\x64\debug\hellogui.tlog\hellogui.write.1u.tlog
c:\users\ostap\source\repos\hellogui\hellogui\x64\debug\hellogui.tlog\link.command.1.tlog
c:\users\ostap\source\repos\hellogui\hellogui\x64\debug\hellogui.tlog\link.read.1.tlog
c:\users\ostap\source\repos\hellogui\hellogui\x64\debug\hellogui.tlog\link.secondary.1.tlog
c:\users\ostap\source\repos\hellogui\hellogui\x64\debug\hellogui.tlog\link.write.1.tlog
c:\users\ostap\source\repos\hellogui\hellogui\x64\debug\hellogui.tlog\moc.read.1u.tlog
c:\users\ostap\source\repos\hellogui\hellogui\x64\debug\hellogui.tlog\moc.write.1u.tlog
c:\users\ostap\source\repos\hellogui\hellogui\x64\debug\hellogui.tlog\rcc.read.1u.tlog
c:\users\ostap\source\repos\hellogui\hellogui\x64\debug\hellogui.tlog\rcc.write.1u.tlog
c:\users\ostap\source\repos\hellogui\hellogui\x64\debug\hellogui.tlog\uic.read.1u.tlog
c:\users\ostap\source\repos\hellogui\hellogui\x64\debug\hellogui.tlog\uic.write.1u.tlog
